1 4
1 8
1 9
4 17
4 37
7 8
8 23
8 29
13 16
16 19
16 37
